------------------------------------------------------------
Timing Analyzer Summary
------------------------------------------------------------

Type  : Slow 1200mV 85C Model Setup 'CLOCK_50'
Slack : -5.168
TNS   : -10476.061

Type  : Slow 1200mV 85C Model Hold 'CLOCK_50'
Slack : 0.309
TNS   : 0.000

Type  : Slow 1200mV 85C Model Recovery 'CLOCK_50'
Slack : -1.708
TNS   : -5017.533

Type  : Slow 1200mV 85C Model Removal 'CLOCK_50'
Slack : 1.803
TNS   : 0.000

Type  : Slow 1200mV 85C Model Minimum Pulse Width 'CLOCK_50'
Slack : -3.000
TNS   : -3342.000

Type  : Slow 1200mV 0C Model Setup 'CLOCK_50'
Slack : -4.551
TNS   : -9120.618

Type  : Slow 1200mV 0C Model Hold 'CLOCK_50'
Slack : 0.287
TNS   : 0.000

Type  : Slow 1200mV 0C Model Recovery 'CLOCK_50'
Slack : -1.398
TNS   : -4059.066

Type  : Slow 1200mV 0C Model Removal 'CLOCK_50'
Slack : 1.601
TNS   : 0.000

Type  : Slow 1200mV 0C Model Minimum Pulse Width 'CLOCK_50'
Slack : -3.000
TNS   : -3342.000

Type  : Fast 1200mV 0C Model Setup 'CLOCK_50'
Slack : -2.506
TNS   : -4630.087

Type  : Fast 1200mV 0C Model Hold 'CLOCK_50'
Slack : 0.156
TNS   : 0.000

Type  : Fast 1200mV 0C Model Recovery 'CLOCK_50'
Slack : -0.599
TNS   : -1642.529

Type  : Fast 1200mV 0C Model Removal 'CLOCK_50'
Slack : 1.058
TNS   : 0.000

Type  : Fast 1200mV 0C Model Minimum Pulse Width 'CLOCK_50'
Slack : -3.000
TNS   : -4325.196

------------------------------------------------------------
