------------------------------------------------------------
Timing Analyzer Summary
------------------------------------------------------------

Type  : Slow 1200mV 85C Model Setup 'CLOCK_50'
Slack : -5.384
TNS   : -10537.308

Type  : Slow 1200mV 85C Model Hold 'CLOCK_50'
Slack : 0.185
TNS   : 0.000

Type  : Slow 1200mV 85C Model Recovery 'CLOCK_50'
Slack : -1.820
TNS   : -5437.947

Type  : Slow 1200mV 85C Model Removal 'CLOCK_50'
Slack : 1.924
TNS   : 0.000

Type  : Slow 1200mV 85C Model Minimum Pulse Width 'CLOCK_50'
Slack : -3.000
TNS   : -3360.000

Type  : Slow 1200mV 0C Model Setup 'CLOCK_50'
Slack : -4.725
TNS   : -9177.591

Type  : Slow 1200mV 0C Model Hold 'CLOCK_50'
Slack : 0.180
TNS   : 0.000

Type  : Slow 1200mV 0C Model Recovery 'CLOCK_50'
Slack : -1.500
TNS   : -4453.933

Type  : Slow 1200mV 0C Model Removal 'CLOCK_50'
Slack : 1.719
TNS   : 0.000

Type  : Slow 1200mV 0C Model Minimum Pulse Width 'CLOCK_50'
Slack : -3.000
TNS   : -3360.000

Type  : Fast 1200mV 0C Model Setup 'CLOCK_50'
Slack : -2.690
TNS   : -4625.122

Type  : Fast 1200mV 0C Model Hold 'CLOCK_50'
Slack : 0.089
TNS   : 0.000

Type  : Fast 1200mV 0C Model Recovery 'CLOCK_50'
Slack : -0.663
TNS   : -1875.641

Type  : Fast 1200mV 0C Model Removal 'CLOCK_50'
Slack : 1.121
TNS   : 0.000

Type  : Fast 1200mV 0C Model Minimum Pulse Width 'CLOCK_50'
Slack : -3.000
TNS   : -4338.590

------------------------------------------------------------
